// Copyright The OpenTelemetry Authors
// SPDX-License-Identifier: Apache-2.0

package main

import _ "unsafe"

func EllipsisFunc(p1 ...string) {
	//line <generated>:1
	if OtelBeforeTrampoline_EllipsisFunc1782564695(&p1); false {
	} else {
	}
	//line main.go:6:33
}

//line <generated>:1
type HookContextImpl1782564695 struct {
	params      []interface{}
	returnVals  []interface{}
	skipCall    bool
	data        interface{}
	funcName    string
	packageName string
}

func (c *HookContextImpl1782564695) SetSkipCall(skip bool)    { c.skipCall = skip }
func (c *HookContextImpl1782564695) IsSkipCall() bool         { return c.skipCall }
func (c *HookContextImpl1782564695) SetData(data interface{}) { c.data = data }
func (c *HookContextImpl1782564695) GetData() interface{}     { return c.data }
func (c *HookContextImpl1782564695) GetKeyData(key string) interface{} {
	if c.data == nil {
		return nil
	}
	return c.data.(map[string]interface{})[key]
}

func (c *HookContextImpl1782564695) SetKeyData(key string, val interface{}) {
	if c.data == nil {
		c.data = make(map[string]interface{})
	}
	c.data.(map[string]interface{})[key] = val
}

func (c *HookContextImpl1782564695) HasKeyData(key string) bool {
	if c.data == nil {
		return false
	}
	_, ok := c.data.(map[string]interface{})[key]
	return ok
}

func (c *HookContextImpl1782564695) GetParam(idx int) interface{} {
	switch idx {
	case 0:
		return *(c.params[0].(*[]string))
	}
	return nil
}

func (c *HookContextImpl1782564695) SetParam(idx int, val interface{}) {
	switch idx {
	case 0:
		if val == nil {
			*(c.params[0].(*[]string)) = *new([]string)
		} else {
			*(c.params[0].(*[]string)) = val.([]string)
		}
	}
}

func (c *HookContextImpl1782564695) GetReturnVal(idx int) interface{} {
	switch idx {
	}
	return nil
}

func (c *HookContextImpl1782564695) SetReturnVal(idx int, val interface{}) {
	switch idx {
	}
}
func (c *HookContextImpl1782564695) GetParamCount() int     { return len(c.params) }
func (c *HookContextImpl1782564695) GetReturnValCount() int { return len(c.returnVals) }
func (c *HookContextImpl1782564695) GetFuncName() string    { return c.funcName }
func (c *HookContextImpl1782564695) GetPackageName() string { return c.packageName }

// Trampoline Template
func OtelBeforeTrampoline_EllipsisFunc1782564695(param0 *[]string) (hookContext *HookContextImpl1782564695, skipCall bool) {
	defer func() {
		if err := recover(); err != nil {
			println("failed to exec Before hook", "H9Before")
			if e, ok := err.(error); ok {
				println(e.Error())
			}
			fetchStack, printStack := OtelGetStackImpl, OtelPrintStackImpl
			if fetchStack != nil && printStack != nil {
				printStack(fetchStack())
			}
		}
	}()
	hookContext = &HookContextImpl1782564695{}
	hookContext.params = []interface{}{param0}
	hookContext.funcName = "EllipsisFunc"
	hookContext.packageName = "main"
	if H9Before != nil {
		H9Before(hookContext, *param0...)
	}
	return hookContext, hookContext.skipCall
}

//go:linkname H9Before testdata/golden/ellipsis-syntax.H9Before
func H9Before(hookContext HookContext, param0 ...string)
