// Copyright The OpenTelemetry Authors
// SPDX-License-Identifier: Apache-2.0

package main

import _ "unsafe"

func OptGood() {
	//line <generated>:1
	if OtelBeforeTrampoline_OptGood2195172342(); false {
	} else {
	}
	//line main.go:6:16
}
func OptBad() {
	//line <generated>:1
	if _, skip2498065262 := OtelBeforeTrampoline_OptBad2498065262(); skip2498065262 {
		return
	} else {
	}
	//line main.go:7:16
}
func OptBad2() {
	//line <generated>:1
	if hookContext619637533, skip619637533 := OtelBeforeTrampoline_OptBad2619637533(); skip619637533 {
		OtelAfterTrampoline_OptBad2619637533(hookContext619637533)
		return
	} else {
		defer OtelAfterTrampoline_OptBad2619637533(hookContext619637533)
	}
	//line main.go:8:16
}

//line <generated>:1
type HookContextImpl2498065262 struct {
	params      []interface{}
	returnVals  []interface{}
	skipCall    bool
	data        interface{}
	funcName    string
	packageName string
}

func (c *HookContextImpl2498065262) SetSkipCall(skip bool)    { c.skipCall = skip }
func (c *HookContextImpl2498065262) IsSkipCall() bool         { return c.skipCall }
func (c *HookContextImpl2498065262) SetData(data interface{}) { c.data = data }
func (c *HookContextImpl2498065262) GetData() interface{}     { return c.data }
func (c *HookContextImpl2498065262) GetKeyData(key string) interface{} {
	if m, ok := c.data.(map[string]interface{}); ok {
		return m[key]
	}
	return nil
}

func (c *HookContextImpl2498065262) SetKeyData(key string, val interface{}) {
	m, ok := c.data.(map[string]interface{})
	if !ok || m == nil {
		m = make(map[string]interface{})
		c.data = m
	}
	m[key] = val
}

func (c *HookContextImpl2498065262) HasKeyData(key string) bool {
	if m, ok := c.data.(map[string]interface{}); ok {
		_, ok := m[key]
		return ok
	}
	return false
}

func (c *HookContextImpl2498065262) GetParam(idx int) interface{} {
	switch idx {
	}
	return nil
}

func (c *HookContextImpl2498065262) SetParam(idx int, val interface{}) {
	switch idx {
	}
}

func (c *HookContextImpl2498065262) GetReturnVal(idx int) interface{} {
	switch idx {
	}
	return nil
}

func (c *HookContextImpl2498065262) SetReturnVal(idx int, val interface{}) {
	switch idx {
	}
}
func (c *HookContextImpl2498065262) GetParamCount() int     { return len(c.params) }
func (c *HookContextImpl2498065262) GetReturnValCount() int { return len(c.returnVals) }
func (c *HookContextImpl2498065262) GetFuncName() string    { return c.funcName }
func (c *HookContextImpl2498065262) GetPackageName() string { return c.packageName }

// Trampoline Template
func OtelBeforeTrampoline_OptBad2498065262() (hookContext *HookContextImpl2498065262, skipCall bool) {
	defer func() {
		if err := recover(); err != nil {
			println("failed to exec Before hook", "H6Before")
			if e, ok := err.(error); ok {
				println(e.Error())
			}
			fetchStack, printStack := OtelGetStackImpl, OtelPrintStackImpl
			if fetchStack != nil && printStack != nil {
				printStack(fetchStack())
			}
		}
	}()
	hookContext = &HookContextImpl2498065262{}
	hookContext.params = []interface{}{}
	hookContext.funcName = "OptBad"
	hookContext.packageName = "main"
	if H6Before != nil {
		H6Before(hookContext)
	}
	return hookContext, hookContext.skipCall
}

//go:linkname H6Before testdata/golden/opt-multiple-funcs.H6Before
func H6Before(hookContext HookContext)

//line <generated>:1
type HookContextImpl619637533 struct {
	params      []interface{}
	returnVals  []interface{}
	skipCall    bool
	data        interface{}
	funcName    string
	packageName string
}

func (c *HookContextImpl619637533) SetSkipCall(skip bool)    { c.skipCall = skip }
func (c *HookContextImpl619637533) IsSkipCall() bool         { return c.skipCall }
func (c *HookContextImpl619637533) SetData(data interface{}) { c.data = data }
func (c *HookContextImpl619637533) GetData() interface{}     { return c.data }
func (c *HookContextImpl619637533) GetKeyData(key string) interface{} {
	if m, ok := c.data.(map[string]interface{}); ok {
		return m[key]
	}
	return nil
}

func (c *HookContextImpl619637533) SetKeyData(key string, val interface{}) {
	m, ok := c.data.(map[string]interface{})
	if !ok || m == nil {
		m = make(map[string]interface{})
		c.data = m
	}
	m[key] = val
}

func (c *HookContextImpl619637533) HasKeyData(key string) bool {
	if m, ok := c.data.(map[string]interface{}); ok {
		_, ok := m[key]
		return ok
	}
	return false
}

func (c *HookContextImpl619637533) GetParam(idx int) interface{} {
	switch idx {
	}
	return nil
}

func (c *HookContextImpl619637533) SetParam(idx int, val interface{}) {
	switch idx {
	}
}

func (c *HookContextImpl619637533) GetReturnVal(idx int) interface{} {
	switch idx {
	}
	return nil
}

func (c *HookContextImpl619637533) SetReturnVal(idx int, val interface{}) {
	switch idx {
	}
}
func (c *HookContextImpl619637533) GetParamCount() int     { return len(c.params) }
func (c *HookContextImpl619637533) GetReturnValCount() int { return len(c.returnVals) }
func (c *HookContextImpl619637533) GetFuncName() string    { return c.funcName }
func (c *HookContextImpl619637533) GetPackageName() string { return c.packageName }

// Trampoline Template
func OtelBeforeTrampoline_OptBad2619637533() (hookContext *HookContextImpl619637533, skipCall bool) {
	defer func() {
		if err := recover(); err != nil {
			println("failed to exec Before hook", "H7Before")
			if e, ok := err.(error); ok {
				println(e.Error())
			}
			fetchStack, printStack := OtelGetStackImpl, OtelPrintStackImpl
			if fetchStack != nil && printStack != nil {
				printStack(fetchStack())
			}
		}
	}()
	hookContext = &HookContextImpl619637533{}
	hookContext.params = []interface{}{}
	hookContext.funcName = "OptBad2"
	hookContext.packageName = "main"
	if H7Before != nil {
		H7Before(hookContext)
	}
	return hookContext, hookContext.skipCall
}

func OtelAfterTrampoline_OptBad2619637533(hookContext HookContext) {
	defer func() {
		if err := recover(); err != nil {
			println("failed to exec After hook", "H7After")
			if e, ok := err.(error); ok {
				println(e.Error())
			}
			fetchStack, printStack := OtelGetStackImpl, OtelPrintStackImpl
			if fetchStack != nil && printStack != nil {
				printStack(fetchStack())
			}
		}
	}()
	hookContext.(*HookContextImpl619637533).returnVals = []interface{}{}
	if H7After != nil {
		H7After(hookContext)
	}
}

//go:linkname H7Before testdata/golden/opt-multiple-funcs.H7Before
func H7Before(hookContext HookContext)

//go:linkname H7After testdata/golden/opt-multiple-funcs.H7After
func H7After(hookContext HookContext)

//line <generated>:1
type HookContextImpl2195172342 struct {
	params      []interface{}
	returnVals  []interface{}
	skipCall    bool
	data        interface{}
	funcName    string
	packageName string
}

func (c *HookContextImpl2195172342) SetSkipCall(skip bool)    { c.skipCall = skip }
func (c *HookContextImpl2195172342) IsSkipCall() bool         { return c.skipCall }
func (c *HookContextImpl2195172342) SetData(data interface{}) { c.data = data }
func (c *HookContextImpl2195172342) GetData() interface{}     { return c.data }
func (c *HookContextImpl2195172342) GetKeyData(key string) interface{} {
	if m, ok := c.data.(map[string]interface{}); ok {
		return m[key]
	}
	return nil
}

func (c *HookContextImpl2195172342) SetKeyData(key string, val interface{}) {
	m, ok := c.data.(map[string]interface{})
	if !ok || m == nil {
		m = make(map[string]interface{})
		c.data = m
	}
	m[key] = val
}

func (c *HookContextImpl2195172342) HasKeyData(key string) bool {
	if m, ok := c.data.(map[string]interface{}); ok {
		_, ok := m[key]
		return ok
	}
	return false
}

func (c *HookContextImpl2195172342) GetParam(idx int) interface{} {
	switch idx {
	}
	return nil
}

func (c *HookContextImpl2195172342) SetParam(idx int, val interface{}) {
	switch idx {
	}
}

func (c *HookContextImpl2195172342) GetReturnVal(idx int) interface{} {
	switch idx {
	}
	return nil
}

func (c *HookContextImpl2195172342) SetReturnVal(idx int, val interface{}) {
	switch idx {
	}
}
func (c *HookContextImpl2195172342) GetParamCount() int     { return len(c.params) }
func (c *HookContextImpl2195172342) GetReturnValCount() int { return len(c.returnVals) }
func (c *HookContextImpl2195172342) GetFuncName() string    { return c.funcName }
func (c *HookContextImpl2195172342) GetPackageName() string { return c.packageName }

// Trampoline Template
func OtelBeforeTrampoline_OptGood2195172342() (hookContext *HookContextImpl2195172342, skipCall bool) {
	defer func() {
		if err := recover(); err != nil {
			println("failed to exec Before hook", "H5Before")
			if e, ok := err.(error); ok {
				println(e.Error())
			}
			fetchStack, printStack := OtelGetStackImpl, OtelPrintStackImpl
			if fetchStack != nil && printStack != nil {
				printStack(fetchStack())
			}
		}
	}()
	hookContext = &HookContextImpl2195172342{}
	hookContext.params = []interface{}{}
	hookContext.funcName = "OptGood"
	hookContext.packageName = "main"
	if H5Before != nil {
		H5Before(hookContext)
	}
	return hookContext, hookContext.skipCall
}

//go:linkname H5Before testdata/golden/opt-multiple-funcs.H5Before
func H5Before(hookContext HookContext)
