// Copyright The OpenTelemetry Authors
// SPDX-License-Identifier: Apache-2.0

package main

import _ "unsafe"

func UnderscoreReturnFunc() (_ignoredRetVal0 int, _ignoredRetVal1 error) {
	//line <generated>:1
	if false {
	} else {
		defer OtelAfterTrampoline_UnderscoreReturnFunc2035128499(&HookContextImpl2035128499{params: []interface{}{}, returnVals: []interface{}{&_ignoredRetVal0, &_ignoredRetVal1}}, &_ignoredRetVal0, &_ignoredRetVal1)
	}
	//line main.go:7:2
	return 0, nil
}

func main() {}

//line <generated>:1
type HookContextImpl2035128499 struct {
	params      []interface{}
	returnVals  []interface{}
	skipCall    bool
	data        interface{}
	funcName    string
	packageName string
}

func (c *HookContextImpl2035128499) SetSkipCall(skip bool)    { c.skipCall = skip }
func (c *HookContextImpl2035128499) IsSkipCall() bool         { return c.skipCall }
func (c *HookContextImpl2035128499) SetData(data interface{}) { c.data = data }
func (c *HookContextImpl2035128499) GetData() interface{}     { return c.data }
func (c *HookContextImpl2035128499) GetKeyData(key string) interface{} {
	if m, ok := c.data.(map[string]interface{}); ok {
		return m[key]
	}
	return nil
}

func (c *HookContextImpl2035128499) SetKeyData(key string, val interface{}) {
	m, ok := c.data.(map[string]interface{})
	if !ok || m == nil {
		m = make(map[string]interface{})
		c.data = m
	}
	m[key] = val
}

func (c *HookContextImpl2035128499) HasKeyData(key string) bool {
	if m, ok := c.data.(map[string]interface{}); ok {
		_, ok := m[key]
		return ok
	}
	return false
}

func (c *HookContextImpl2035128499) GetParam(idx int) interface{} {
	switch idx {
	}
	return nil
}

func (c *HookContextImpl2035128499) SetParam(idx int, val interface{}) {
	switch idx {
	}
}

func (c *HookContextImpl2035128499) GetReturnVal(idx int) interface{} {
	switch idx {
	case 0:
		return *(c.returnVals[0].(*int))
	case 1:
		return *(c.returnVals[1].(*error))
	}
	return nil
}

func (c *HookContextImpl2035128499) SetReturnVal(idx int, val interface{}) {
	switch idx {
	case 0:
		if val == nil {
			*(c.returnVals[0].(*int)) = *new(int)
		} else {
			*(c.returnVals[0].(*int)) = val.(int)
		}
	case 1:
		if val == nil {
			*(c.returnVals[1].(*error)) = *new(error)
		} else {
			*(c.returnVals[1].(*error)) = val.(error)
		}
	}
}
func (c *HookContextImpl2035128499) GetParamCount() int     { return len(c.params) }
func (c *HookContextImpl2035128499) GetReturnValCount() int { return len(c.returnVals) }
func (c *HookContextImpl2035128499) GetFuncName() string    { return c.funcName }
func (c *HookContextImpl2035128499) GetPackageName() string { return c.packageName }

func OtelAfterTrampoline_UnderscoreReturnFunc2035128499(hookContext HookContext, arg0 *int, arg1 *error) {
	defer func() {
		if err := recover(); err != nil {
			println("failed to exec After hook", "H12UnderscoreReturnAfter")
			if e, ok := err.(error); ok {
				println(e.Error())
			}
			fetchStack, printStack := OtelGetStackImpl, OtelPrintStackImpl
			if fetchStack != nil && printStack != nil {
				printStack(fetchStack())
			}
		}
	}()
	hookContext.(*HookContextImpl2035128499).returnVals = []interface{}{arg0, arg1}
	if H12UnderscoreReturnAfter != nil {
		H12UnderscoreReturnAfter(hookContext, *arg0, *arg1)
	}
}

//go:linkname H12UnderscoreReturnAfter testdata/golden/underscore-return-syntax.H12UnderscoreReturnAfter
func H12UnderscoreReturnAfter(hookContext HookContext, arg0 int, arg1 error)
