// Copyright The OpenTelemetry Authors
// SPDX-License-Identifier: Apache-2.0

package main

import _ "unsafe"

func UnderscoreFunc(_ignoredParam_418572368_0 int, _ignoredParam_418572368_1 float32) {
	//line <generated>:1
	if OtelBeforeTrampoline_UnderscoreFunc418572368(&_ignoredParam_418572368_0, &_ignoredParam_418572368_1); false {
	} else {
	}
	//line main.go:6:39
}

//line <generated>:1
type HookContextImpl418572368 struct {
	params      []interface{}
	returnVals  []interface{}
	skipCall    bool
	data        interface{}
	funcName    string
	packageName string
}

func (c *HookContextImpl418572368) SetSkipCall(skip bool)    { c.skipCall = skip }
func (c *HookContextImpl418572368) IsSkipCall() bool         { return c.skipCall }
func (c *HookContextImpl418572368) SetData(data interface{}) { c.data = data }
func (c *HookContextImpl418572368) GetData() interface{}     { return c.data }
func (c *HookContextImpl418572368) GetKeyData(key string) interface{} {
	if m, ok := c.data.(map[string]interface{}); ok {
		return m[key]
	}
	return nil
}

func (c *HookContextImpl418572368) SetKeyData(key string, val interface{}) {
	m, ok := c.data.(map[string]interface{})
	if !ok || m == nil {
		m = make(map[string]interface{})
		c.data = m
	}
	m[key] = val
}

func (c *HookContextImpl418572368) HasKeyData(key string) bool {
	if m, ok := c.data.(map[string]interface{}); ok {
		_, ok := m[key]
		return ok
	}
	return false
}

func (c *HookContextImpl418572368) GetParam(idx int) interface{} {
	switch idx {
	case 0:
		return *(c.params[0].(*int))
	case 1:
		return *(c.params[1].(*float32))
	}
	return nil
}

func (c *HookContextImpl418572368) SetParam(idx int, val interface{}) {
	switch idx {
	case 0:
		if val == nil {
			*(c.params[0].(*int)) = *new(int)
		} else {
			*(c.params[0].(*int)) = val.(int)
		}
	case 1:
		if val == nil {
			*(c.params[1].(*float32)) = *new(float32)
		} else {
			*(c.params[1].(*float32)) = val.(float32)
		}
	}
}

func (c *HookContextImpl418572368) GetReturnVal(idx int) interface{} {
	switch idx {
	}
	return nil
}

func (c *HookContextImpl418572368) SetReturnVal(idx int, val interface{}) {
	switch idx {
	}
}
func (c *HookContextImpl418572368) GetParamCount() int     { return len(c.params) }
func (c *HookContextImpl418572368) GetReturnValCount() int { return len(c.returnVals) }
func (c *HookContextImpl418572368) GetFuncName() string    { return c.funcName }
func (c *HookContextImpl418572368) GetPackageName() string { return c.packageName }

// Trampoline Template
func OtelBeforeTrampoline_UnderscoreFunc418572368(param0 *int, param1 *float32) (hookContext *HookContextImpl418572368, skipCall bool) {
	defer func() {
		if err := recover(); err != nil {
			println("failed to exec Before hook", "H10Before")
			if e, ok := err.(error); ok {
				println(e.Error())
			}
			fetchStack, printStack := OtelGetStackImpl, OtelPrintStackImpl
			if fetchStack != nil && printStack != nil {
				printStack(fetchStack())
			}
		}
	}()
	hookContext = &HookContextImpl418572368{}
	hookContext.params = []interface{}{param0, param1}
	hookContext.funcName = "UnderscoreFunc"
	hookContext.packageName = "main"
	if H10Before != nil {
		H10Before(hookContext, *param0, *param1)
	}
	return hookContext, hookContext.skipCall
}

//go:linkname H10Before testdata/golden/underscore-syntax.H10Before
func H10Before(hookContext HookContext, param0 int, param1 float32)
