// Copyright The OpenTelemetry Authors
// SPDX-License-Identifier: Apache-2.0

package main

import _ "unsafe"

type T struct{}

func (t *T) Func1(p1 string, p2 int) (_unnamedRetVal0 float32, _unnamedRetVal1 error) {
	//line <generated>:1
	if hookContext3482884715, _ := OtelBeforeTrampoline_Func13482884715(&t, &p1, &p2); false {
	} else {
		defer OtelAfterTrampoline_Func13482884715(hookContext3482884715, &_unnamedRetVal0, &_unnamedRetVal1)
	}
	//line main.go:9:2
	return 0.0, nil
}

func (_ignoredParam0 T) Func3() {
	//line <generated>:1
	if OtelBeforeTrampoline_Func31380706877(&_ignoredParam0); false {
	} else {
	}
	//line main.go:12:18
}

//line <generated>:1
type HookContextImpl3482884715 struct {
	params      []interface{}
	returnVals  []interface{}
	skipCall    bool
	data        interface{}
	funcName    string
	packageName string
}

func (c *HookContextImpl3482884715) SetSkipCall(skip bool)    { c.skipCall = skip }
func (c *HookContextImpl3482884715) IsSkipCall() bool         { return c.skipCall }
func (c *HookContextImpl3482884715) SetData(data interface{}) { c.data = data }
func (c *HookContextImpl3482884715) GetData() interface{}     { return c.data }
func (c *HookContextImpl3482884715) GetKeyData(key string) interface{} {
	if c.data == nil {
		return nil
	}
	return c.data.(map[string]interface{})[key]
}

func (c *HookContextImpl3482884715) SetKeyData(key string, val interface{}) {
	if c.data == nil {
		c.data = make(map[string]interface{})
	}
	c.data.(map[string]interface{})[key] = val
}

func (c *HookContextImpl3482884715) HasKeyData(key string) bool {
	if c.data == nil {
		return false
	}
	_, ok := c.data.(map[string]interface{})[key]
	return ok
}

func (c *HookContextImpl3482884715) GetParam(idx int) interface{} {
	switch idx {
	case 0:
		return *(c.params[0].(**T))
	case 1:
		return *(c.params[1].(*string))
	case 2:
		return *(c.params[2].(*int))
	}
	return nil
}

func (c *HookContextImpl3482884715) SetParam(idx int, val interface{}) {
	switch idx {
	case 0:
		if val == nil {
			*(c.params[0].(**T)) = *new(*T)
		} else {
			*(c.params[0].(**T)) = val.(*T)
		}
	case 1:
		if val == nil {
			*(c.params[1].(*string)) = *new(string)
		} else {
			*(c.params[1].(*string)) = val.(string)
		}
	case 2:
		if val == nil {
			*(c.params[2].(*int)) = *new(int)
		} else {
			*(c.params[2].(*int)) = val.(int)
		}
	}
}

func (c *HookContextImpl3482884715) GetReturnVal(idx int) interface{} {
	switch idx {
	case 0:
		return *(c.returnVals[0].(*float32))
	case 1:
		return *(c.returnVals[1].(*error))
	}
	return nil
}

func (c *HookContextImpl3482884715) SetReturnVal(idx int, val interface{}) {
	switch idx {
	case 0:
		if val == nil {
			*(c.returnVals[0].(*float32)) = *new(float32)
		} else {
			*(c.returnVals[0].(*float32)) = val.(float32)
		}
	case 1:
		if val == nil {
			*(c.returnVals[1].(*error)) = *new(error)
		} else {
			*(c.returnVals[1].(*error)) = val.(error)
		}
	}
}
func (c *HookContextImpl3482884715) GetParamCount() int     { return len(c.params) }
func (c *HookContextImpl3482884715) GetReturnValCount() int { return len(c.returnVals) }
func (c *HookContextImpl3482884715) GetFuncName() string    { return c.funcName }
func (c *HookContextImpl3482884715) GetPackageName() string { return c.packageName }

// Trampoline Template
func OtelBeforeTrampoline_Func13482884715(recv0 **T, param0 *string, param1 *int) (hookContext *HookContextImpl3482884715, skipCall bool) {
	defer func() {
		if err := recover(); err != nil {
			println("failed to exec Before hook", "H3Before")
			if e, ok := err.(error); ok {
				println(e.Error())
			}
			fetchStack, printStack := OtelGetStackImpl, OtelPrintStackImpl
			if fetchStack != nil && printStack != nil {
				printStack(fetchStack())
			}
		}
	}()
	hookContext = &HookContextImpl3482884715{}
	hookContext.params = []interface{}{recv0, param0, param1}
	hookContext.funcName = "Func1"
	hookContext.packageName = "main"
	if H3Before != nil {
		H3Before(hookContext, *recv0, *param0, *param1)
	}
	return hookContext, hookContext.skipCall
}

func OtelAfterTrampoline_Func13482884715(hookContext HookContext, arg0 *float32, arg1 *error) {
	defer func() {
		if err := recover(); err != nil {
			println("failed to exec After hook", "H3After")
			if e, ok := err.(error); ok {
				println(e.Error())
			}
			fetchStack, printStack := OtelGetStackImpl, OtelPrintStackImpl
			if fetchStack != nil && printStack != nil {
				printStack(fetchStack())
			}
		}
	}()
	hookContext.(*HookContextImpl3482884715).returnVals = []interface{}{arg0, arg1}
	if H3After != nil {
		H3After(hookContext, *arg0, *arg1)
	}
}

//go:linkname H3Before testdata/golden/method-receiver.H3Before
func H3Before(hookContext HookContext, recv0 interface{}, param0 string, param1 int)

//go:linkname H3After testdata/golden/method-receiver.H3After
func H3After(hookContext HookContext, arg0 float32, arg1 error)

//line <generated>:1
type HookContextImpl1380706877 struct {
	params      []interface{}
	returnVals  []interface{}
	skipCall    bool
	data        interface{}
	funcName    string
	packageName string
}

func (c *HookContextImpl1380706877) SetSkipCall(skip bool)    { c.skipCall = skip }
func (c *HookContextImpl1380706877) IsSkipCall() bool         { return c.skipCall }
func (c *HookContextImpl1380706877) SetData(data interface{}) { c.data = data }
func (c *HookContextImpl1380706877) GetData() interface{}     { return c.data }
func (c *HookContextImpl1380706877) GetKeyData(key string) interface{} {
	if c.data == nil {
		return nil
	}
	return c.data.(map[string]interface{})[key]
}

func (c *HookContextImpl1380706877) SetKeyData(key string, val interface{}) {
	if c.data == nil {
		c.data = make(map[string]interface{})
	}
	c.data.(map[string]interface{})[key] = val
}

func (c *HookContextImpl1380706877) HasKeyData(key string) bool {
	if c.data == nil {
		return false
	}
	_, ok := c.data.(map[string]interface{})[key]
	return ok
}

func (c *HookContextImpl1380706877) GetParam(idx int) interface{} {
	switch idx {
	case 0:
		return *(c.params[0].(*T))
	}
	return nil
}

func (c *HookContextImpl1380706877) SetParam(idx int, val interface{}) {
	switch idx {
	case 0:
		if val == nil {
			*(c.params[0].(*T)) = *new(T)
		} else {
			*(c.params[0].(*T)) = val.(T)
		}
	}
}

func (c *HookContextImpl1380706877) GetReturnVal(idx int) interface{} {
	switch idx {
	}
	return nil
}

func (c *HookContextImpl1380706877) SetReturnVal(idx int, val interface{}) {
	switch idx {
	}
}
func (c *HookContextImpl1380706877) GetParamCount() int     { return len(c.params) }
func (c *HookContextImpl1380706877) GetReturnValCount() int { return len(c.returnVals) }
func (c *HookContextImpl1380706877) GetFuncName() string    { return c.funcName }
func (c *HookContextImpl1380706877) GetPackageName() string { return c.packageName }

// Trampoline Template
func OtelBeforeTrampoline_Func31380706877(recv0 *T) (hookContext *HookContextImpl1380706877, skipCall bool) {
	defer func() {
		if err := recover(); err != nil {
			println("failed to exec Before hook", "H11Before")
			if e, ok := err.(error); ok {
				println(e.Error())
			}
			fetchStack, printStack := OtelGetStackImpl, OtelPrintStackImpl
			if fetchStack != nil && printStack != nil {
				printStack(fetchStack())
			}
		}
	}()
	hookContext = &HookContextImpl1380706877{}
	hookContext.params = []interface{}{recv0}
	hookContext.funcName = "Func3"
	hookContext.packageName = "main"
	if H11Before != nil {
		H11Before(hookContext, *recv0)
	}
	return hookContext, hookContext.skipCall
}

//go:linkname H11Before testdata/golden/method-receiver.H11Before
func H11Before(hookContext HookContext, recv0 interface{})
