// Copyright The OpenTelemetry Authors
// SPDX-License-Identifier: Apache-2.0

package main

import _ "unsafe"

func Unnamed(_ignoredParam0 int, _ignoredParam1 float32) {
	//line <generated>:1
	if OtelBeforeTrampoline_Unnamed604682800(&_ignoredParam0, &_ignoredParam1); false {
	} else {
	}
	//line main.go:6:28
}

//line <generated>:1
type HookContextImpl604682800 struct {
	params      []interface{}
	returnVals  []interface{}
	skipCall    bool
	data        interface{}
	funcName    string
	packageName string
}

func (c *HookContextImpl604682800) SetSkipCall(skip bool)    { c.skipCall = skip }
func (c *HookContextImpl604682800) IsSkipCall() bool         { return c.skipCall }
func (c *HookContextImpl604682800) SetData(data interface{}) { c.data = data }
func (c *HookContextImpl604682800) GetData() interface{}     { return c.data }
func (c *HookContextImpl604682800) GetKeyData(key string) interface{} {
	if c.data == nil {
		return nil
	}
	return c.data.(map[string]interface{})[key]
}

func (c *HookContextImpl604682800) SetKeyData(key string, val interface{}) {
	if c.data == nil {
		c.data = make(map[string]interface{})
	}
	c.data.(map[string]interface{})[key] = val
}

func (c *HookContextImpl604682800) HasKeyData(key string) bool {
	if c.data == nil {
		return false
	}
	_, ok := c.data.(map[string]interface{})[key]
	return ok
}

func (c *HookContextImpl604682800) GetParam(idx int) interface{} {
	switch idx {
	case 0:
		return *(c.params[0].(*int))
	case 1:
		return *(c.params[1].(*float32))
	}
	return nil
}

func (c *HookContextImpl604682800) SetParam(idx int, val interface{}) {
	switch idx {
	case 0:
		if val == nil {
			*(c.params[0].(*int)) = *new(int)
		} else {
			*(c.params[0].(*int)) = val.(int)
		}
	case 1:
		if val == nil {
			*(c.params[1].(*float32)) = *new(float32)
		} else {
			*(c.params[1].(*float32)) = val.(float32)
		}
	}
}

func (c *HookContextImpl604682800) GetReturnVal(idx int) interface{} {
	switch idx {
	}
	return nil
}

func (c *HookContextImpl604682800) SetReturnVal(idx int, val interface{}) {
	switch idx {
	}
}
func (c *HookContextImpl604682800) GetParamCount() int     { return len(c.params) }
func (c *HookContextImpl604682800) GetReturnValCount() int { return len(c.returnVals) }
func (c *HookContextImpl604682800) GetFuncName() string    { return c.funcName }
func (c *HookContextImpl604682800) GetPackageName() string { return c.packageName }

// Trampoline Template
func OtelBeforeTrampoline_Unnamed604682800(param0 *int, param1 *float32) (hookContext *HookContextImpl604682800, skipCall bool) {
	defer func() {
		if err := recover(); err != nil {
			println("failed to exec Before hook", "H13Before")
			if e, ok := err.(error); ok {
				println(e.Error())
			}
			fetchStack, printStack := OtelGetStackImpl, OtelPrintStackImpl
			if fetchStack != nil && printStack != nil {
				printStack(fetchStack())
			}
		}
	}()
	hookContext = &HookContextImpl604682800{}
	hookContext.params = []interface{}{param0, param1}
	hookContext.funcName = "Unnamed"
	hookContext.packageName = "main"
	if H13Before != nil {
		H13Before(hookContext, *param0, *param1)
	}
	return hookContext, hookContext.skipCall
}

//go:linkname H13Before testdata/golden/unnamed-param.H13Before
func H13Before(hookContext HookContext, param0 int, param1 float32)
