// Copyright The OpenTelemetry Authors
// SPDX-License-Identifier: Apache-2.0

// This is the driver's registration file: it declares the Driver type and a
// package init that would register it. The all-of filter targets Connect here
// (and not the helper Connect in other files) by requiring both markers.
package main

import _ "unsafe"

type Driver struct{}

func init() {
	_ = Driver{}
}

func Connect(dsn string) (_unnamedRetVal0 error) {
	//line <generated>:1
	if hookContext671999535, _ := OtelBeforeTrampoline_Connect671999535(&dsn); false {
	} else {
		defer OtelAfterTrampoline_Connect671999535(hookContext671999535, &_unnamedRetVal0)
	}
	//line main.go:16:2
	println("connecting to " + dsn)
	//line main.go:17:2
	return nil
}

//line <generated>:1
type HookContextImpl671999535 struct {
	params      []interface{}
	returnVals  []interface{}
	skipCall    bool
	data        interface{}
	funcName    string
	packageName string
}

func (c *HookContextImpl671999535) SetSkipCall(skip bool)    { c.skipCall = skip }
func (c *HookContextImpl671999535) IsSkipCall() bool         { return c.skipCall }
func (c *HookContextImpl671999535) SetData(data interface{}) { c.data = data }
func (c *HookContextImpl671999535) GetData() interface{}     { return c.data }
func (c *HookContextImpl671999535) GetKeyData(key string) interface{} {
	if c.data == nil {
		return nil
	}
	return c.data.(map[string]interface{})[key]
}

func (c *HookContextImpl671999535) SetKeyData(key string, val interface{}) {
	if c.data == nil {
		c.data = make(map[string]interface{})
	}
	c.data.(map[string]interface{})[key] = val
}

func (c *HookContextImpl671999535) HasKeyData(key string) bool {
	if c.data == nil {
		return false
	}
	_, ok := c.data.(map[string]interface{})[key]
	return ok
}

func (c *HookContextImpl671999535) GetParam(idx int) interface{} {
	switch idx {
	case 0:
		return *(c.params[0].(*string))
	}
	return nil
}

func (c *HookContextImpl671999535) SetParam(idx int, val interface{}) {
	switch idx {
	case 0:
		if val == nil {
			*(c.params[0].(*string)) = *new(string)
		} else {
			*(c.params[0].(*string)) = val.(string)
		}
	}
}

func (c *HookContextImpl671999535) GetReturnVal(idx int) interface{} {
	switch idx {
	case 0:
		return *(c.returnVals[0].(*error))
	}
	return nil
}

func (c *HookContextImpl671999535) SetReturnVal(idx int, val interface{}) {
	switch idx {
	case 0:
		if val == nil {
			*(c.returnVals[0].(*error)) = *new(error)
		} else {
			*(c.returnVals[0].(*error)) = val.(error)
		}
	}
}
func (c *HookContextImpl671999535) GetParamCount() int     { return len(c.params) }
func (c *HookContextImpl671999535) GetReturnValCount() int { return len(c.returnVals) }
func (c *HookContextImpl671999535) GetFuncName() string    { return c.funcName }
func (c *HookContextImpl671999535) GetPackageName() string { return c.packageName }

// Trampoline Template
func OtelBeforeTrampoline_Connect671999535(param0 *string) (hookContext *HookContextImpl671999535, skipCall bool) {
	defer func() {
		if err := recover(); err != nil {
			println("failed to exec Before hook", "BeforeConnect")
			if e, ok := err.(error); ok {
				println(e.Error())
			}
			fetchStack, printStack := OtelGetStackImpl, OtelPrintStackImpl
			if fetchStack != nil && printStack != nil {
				printStack(fetchStack())
			}
		}
	}()
	hookContext = &HookContextImpl671999535{}
	hookContext.params = []interface{}{param0}
	hookContext.funcName = "Connect"
	hookContext.packageName = "main"
	if BeforeConnect != nil {
		BeforeConnect(hookContext, *param0)
	}
	return hookContext, hookContext.skipCall
}

func OtelAfterTrampoline_Connect671999535(hookContext HookContext, arg0 *error) {
	defer func() {
		if err := recover(); err != nil {
			println("failed to exec After hook", "AfterConnect")
			if e, ok := err.(error); ok {
				println(e.Error())
			}
			fetchStack, printStack := OtelGetStackImpl, OtelPrintStackImpl
			if fetchStack != nil && printStack != nil {
				printStack(fetchStack())
			}
		}
	}()
	hookContext.(*HookContextImpl671999535).returnVals = []interface{}{arg0}
	if AfterConnect != nil {
		AfterConnect(hookContext, *arg0)
	}
}

//go:linkname BeforeConnect testdata/golden/all-of-filter-match.BeforeConnect
func BeforeConnect(hookContext HookContext, param0 string)

//go:linkname AfterConnect testdata/golden/all-of-filter-match.AfterConnect
func AfterConnect(hookContext HookContext, arg0 error)
