// Copyright The OpenTelemetry Authors
// SPDX-License-Identifier: Apache-2.0

// This package supports multiple SQL backends behind one Open entry point. The
// one-of filter instruments Open in any file that declares one of the known
// backend driver types. This file declares PostgresDriver, so Open is matched
// here even though the MySQLDriver type lives in a different backend file.
package main

import _ "unsafe"

type PostgresDriver struct{}

func Open(dsn string) (_unnamedRetVal0 error) {
	//line <generated>:1
	if hookContext2733714658, _ := OtelBeforeTrampoline_Open2733714658(&dsn); false {
	} else {
		defer OtelAfterTrampoline_Open2733714658(hookContext2733714658, &_unnamedRetVal0)
	}
	//line main.go:13:2
	println("opening " + dsn)
	//line main.go:14:2
	return nil
}

//line <generated>:1
type HookContextImpl2733714658 struct {
	params      []interface{}
	returnVals  []interface{}
	skipCall    bool
	data        interface{}
	funcName    string
	packageName string
}

func (c *HookContextImpl2733714658) SetSkipCall(skip bool)    { c.skipCall = skip }
func (c *HookContextImpl2733714658) IsSkipCall() bool         { return c.skipCall }
func (c *HookContextImpl2733714658) SetData(data interface{}) { c.data = data }
func (c *HookContextImpl2733714658) GetData() interface{}     { return c.data }
func (c *HookContextImpl2733714658) GetKeyData(key string) interface{} {
	if m, ok := c.data.(map[string]interface{}); ok {
		return m[key]
	}
	return nil
}

func (c *HookContextImpl2733714658) SetKeyData(key string, val interface{}) {
	m, ok := c.data.(map[string]interface{})
	if !ok || m == nil {
		m = make(map[string]interface{})
		c.data = m
	}
	m[key] = val
}

func (c *HookContextImpl2733714658) HasKeyData(key string) bool {
	if m, ok := c.data.(map[string]interface{}); ok {
		_, ok := m[key]
		return ok
	}
	return false
}

func (c *HookContextImpl2733714658) GetParam(idx int) interface{} {
	switch idx {
	case 0:
		return *(c.params[0].(*string))
	}
	return nil
}

func (c *HookContextImpl2733714658) SetParam(idx int, val interface{}) {
	switch idx {
	case 0:
		if val == nil {
			*(c.params[0].(*string)) = *new(string)
		} else {
			*(c.params[0].(*string)) = val.(string)
		}
	}
}

func (c *HookContextImpl2733714658) GetReturnVal(idx int) interface{} {
	switch idx {
	case 0:
		return *(c.returnVals[0].(*error))
	}
	return nil
}

func (c *HookContextImpl2733714658) SetReturnVal(idx int, val interface{}) {
	switch idx {
	case 0:
		if val == nil {
			*(c.returnVals[0].(*error)) = *new(error)
		} else {
			*(c.returnVals[0].(*error)) = val.(error)
		}
	}
}
func (c *HookContextImpl2733714658) GetParamCount() int     { return len(c.params) }
func (c *HookContextImpl2733714658) GetReturnValCount() int { return len(c.returnVals) }
func (c *HookContextImpl2733714658) GetFuncName() string    { return c.funcName }
func (c *HookContextImpl2733714658) GetPackageName() string { return c.packageName }

// Trampoline Template
func OtelBeforeTrampoline_Open2733714658(param0 *string) (hookContext *HookContextImpl2733714658, skipCall bool) {
	defer func() {
		if err := recover(); err != nil {
			println("failed to exec Before hook", "BeforeOpen")
			if e, ok := err.(error); ok {
				println(e.Error())
			}
			fetchStack, printStack := OtelGetStackImpl, OtelPrintStackImpl
			if fetchStack != nil && printStack != nil {
				printStack(fetchStack())
			}
		}
	}()
	hookContext = &HookContextImpl2733714658{}
	hookContext.params = []interface{}{param0}
	hookContext.funcName = "Open"
	hookContext.packageName = "main"
	if BeforeOpen != nil {
		BeforeOpen(hookContext, *param0)
	}
	return hookContext, hookContext.skipCall
}

func OtelAfterTrampoline_Open2733714658(hookContext HookContext, arg0 *error) {
	defer func() {
		if err := recover(); err != nil {
			println("failed to exec After hook", "AfterOpen")
			if e, ok := err.(error); ok {
				println(e.Error())
			}
			fetchStack, printStack := OtelGetStackImpl, OtelPrintStackImpl
			if fetchStack != nil && printStack != nil {
				printStack(fetchStack())
			}
		}
	}()
	hookContext.(*HookContextImpl2733714658).returnVals = []interface{}{arg0}
	if AfterOpen != nil {
		AfterOpen(hookContext, *arg0)
	}
}

//go:linkname BeforeOpen testdata/golden/one-of-filter-match.BeforeOpen
func BeforeOpen(hookContext HookContext, param0 string)

//go:linkname AfterOpen testdata/golden/one-of-filter-match.AfterOpen
func AfterOpen(hookContext HookContext, arg0 error)
