// Copyright The OpenTelemetry Authors
// SPDX-License-Identifier: Apache-2.0

package main

import _ "unsafe"

type T struct{}

func (t *T) Func1(p1 string, p2 int) (_unnamedRetVal0 float32, _unnamedRetVal1 error) {
	//line <generated>:1
	if false {
	} else {
		defer OtelAfterTrampoline_Func13865747808(&HookContextImpl3865747808{params: []interface{}{&t, &p1, &p2}, returnVals: []interface{}{&_unnamedRetVal0, &_unnamedRetVal1}}, &_unnamedRetVal0, &_unnamedRetVal1)
	}
	//line main.go:9:2
	return 0.0, nil
}

func Func1(p1 string, p2 int) (_unnamedRetVal0 float32, _unnamedRetVal1 error) {
	//line <generated>:1
	if false {
	} else {
		defer OtelAfterTrampoline_Func11681024588(&HookContextImpl1681024588{params: []interface{}{&p1, &p2}, returnVals: []interface{}{&_unnamedRetVal0, &_unnamedRetVal1}}, &_unnamedRetVal0, &_unnamedRetVal1)
	}
	//line main.go:13:2
	println("Hello, World!")
	//line main.go:14:2
	return 0.0, nil
}

//line <generated>:1
type HookContextImpl1681024588 struct {
	params      []interface{}
	returnVals  []interface{}
	skipCall    bool
	data        interface{}
	funcName    string
	packageName string
}

func (c *HookContextImpl1681024588) SetSkipCall(skip bool)    { c.skipCall = skip }
func (c *HookContextImpl1681024588) IsSkipCall() bool         { return c.skipCall }
func (c *HookContextImpl1681024588) SetData(data interface{}) { c.data = data }
func (c *HookContextImpl1681024588) GetData() interface{}     { return c.data }
func (c *HookContextImpl1681024588) GetKeyData(key string) interface{} {
	if m, ok := c.data.(map[string]interface{}); ok {
		return m[key]
	}
	return nil
}

func (c *HookContextImpl1681024588) SetKeyData(key string, val interface{}) {
	m, ok := c.data.(map[string]interface{})
	if !ok || m == nil {
		m = make(map[string]interface{})
		c.data = m
	}
	m[key] = val
}

func (c *HookContextImpl1681024588) HasKeyData(key string) bool {
	if m, ok := c.data.(map[string]interface{}); ok {
		_, ok := m[key]
		return ok
	}
	return false
}

func (c *HookContextImpl1681024588) GetParam(idx int) interface{} {
	switch idx {
	case 0:
		return *(c.params[0].(*string))
	case 1:
		return *(c.params[1].(*int))
	}
	return nil
}

func (c *HookContextImpl1681024588) SetParam(idx int, val interface{}) {
	switch idx {
	case 0:
		if val == nil {
			*(c.params[0].(*string)) = *new(string)
		} else {
			*(c.params[0].(*string)) = val.(string)
		}
	case 1:
		if val == nil {
			*(c.params[1].(*int)) = *new(int)
		} else {
			*(c.params[1].(*int)) = val.(int)
		}
	}
}

func (c *HookContextImpl1681024588) GetReturnVal(idx int) interface{} {
	switch idx {
	case 0:
		return *(c.returnVals[0].(*float32))
	case 1:
		return *(c.returnVals[1].(*error))
	}
	return nil
}

func (c *HookContextImpl1681024588) SetReturnVal(idx int, val interface{}) {
	switch idx {
	case 0:
		if val == nil {
			*(c.returnVals[0].(*float32)) = *new(float32)
		} else {
			*(c.returnVals[0].(*float32)) = val.(float32)
		}
	case 1:
		if val == nil {
			*(c.returnVals[1].(*error)) = *new(error)
		} else {
			*(c.returnVals[1].(*error)) = val.(error)
		}
	}
}
func (c *HookContextImpl1681024588) GetParamCount() int     { return len(c.params) }
func (c *HookContextImpl1681024588) GetReturnValCount() int { return len(c.returnVals) }
func (c *HookContextImpl1681024588) GetFuncName() string    { return c.funcName }
func (c *HookContextImpl1681024588) GetPackageName() string { return c.packageName }

func OtelAfterTrampoline_Func11681024588(hookContext HookContext, arg0 *float32, arg1 *error) {
	defer func() {
		if err := recover(); err != nil {
			println("failed to exec After hook", "H1After")
			if e, ok := err.(error); ok {
				println(e.Error())
			}
			fetchStack, printStack := OtelGetStackImpl, OtelPrintStackImpl
			if fetchStack != nil && printStack != nil {
				printStack(fetchStack())
			}
		}
	}()
	hookContext.(*HookContextImpl1681024588).returnVals = []interface{}{arg0, arg1}
	if H1After != nil {
		H1After(hookContext, *arg0, *arg1)
	}
}

//go:linkname H1After testdata/golden/after-only.H1After
func H1After(hookContext HookContext, arg0 float32, arg1 error)

//line <generated>:1
type HookContextImpl3865747808 struct {
	params      []interface{}
	returnVals  []interface{}
	skipCall    bool
	data        interface{}
	funcName    string
	packageName string
}

func (c *HookContextImpl3865747808) SetSkipCall(skip bool)    { c.skipCall = skip }
func (c *HookContextImpl3865747808) IsSkipCall() bool         { return c.skipCall }
func (c *HookContextImpl3865747808) SetData(data interface{}) { c.data = data }
func (c *HookContextImpl3865747808) GetData() interface{}     { return c.data }
func (c *HookContextImpl3865747808) GetKeyData(key string) interface{} {
	if m, ok := c.data.(map[string]interface{}); ok {
		return m[key]
	}
	return nil
}

func (c *HookContextImpl3865747808) SetKeyData(key string, val interface{}) {
	m, ok := c.data.(map[string]interface{})
	if !ok || m == nil {
		m = make(map[string]interface{})
		c.data = m
	}
	m[key] = val
}

func (c *HookContextImpl3865747808) HasKeyData(key string) bool {
	if m, ok := c.data.(map[string]interface{}); ok {
		_, ok := m[key]
		return ok
	}
	return false
}

func (c *HookContextImpl3865747808) GetParam(idx int) interface{} {
	switch idx {
	case 0:
		return *(c.params[0].(**T))
	case 1:
		return *(c.params[1].(*string))
	case 2:
		return *(c.params[2].(*int))
	}
	return nil
}

func (c *HookContextImpl3865747808) SetParam(idx int, val interface{}) {
	switch idx {
	case 0:
		if val == nil {
			*(c.params[0].(**T)) = *new(*T)
		} else {
			*(c.params[0].(**T)) = val.(*T)
		}
	case 1:
		if val == nil {
			*(c.params[1].(*string)) = *new(string)
		} else {
			*(c.params[1].(*string)) = val.(string)
		}
	case 2:
		if val == nil {
			*(c.params[2].(*int)) = *new(int)
		} else {
			*(c.params[2].(*int)) = val.(int)
		}
	}
}

func (c *HookContextImpl3865747808) GetReturnVal(idx int) interface{} {
	switch idx {
	case 0:
		return *(c.returnVals[0].(*float32))
	case 1:
		return *(c.returnVals[1].(*error))
	}
	return nil
}

func (c *HookContextImpl3865747808) SetReturnVal(idx int, val interface{}) {
	switch idx {
	case 0:
		if val == nil {
			*(c.returnVals[0].(*float32)) = *new(float32)
		} else {
			*(c.returnVals[0].(*float32)) = val.(float32)
		}
	case 1:
		if val == nil {
			*(c.returnVals[1].(*error)) = *new(error)
		} else {
			*(c.returnVals[1].(*error)) = val.(error)
		}
	}
}
func (c *HookContextImpl3865747808) GetParamCount() int     { return len(c.params) }
func (c *HookContextImpl3865747808) GetReturnValCount() int { return len(c.returnVals) }
func (c *HookContextImpl3865747808) GetFuncName() string    { return c.funcName }
func (c *HookContextImpl3865747808) GetPackageName() string { return c.packageName }

func OtelAfterTrampoline_Func13865747808(hookContext HookContext, arg0 *float32, arg1 *error) {
	defer func() {
		if err := recover(); err != nil {
			println("failed to exec After hook", "H8After")
			if e, ok := err.(error); ok {
				println(e.Error())
			}
			fetchStack, printStack := OtelGetStackImpl, OtelPrintStackImpl
			if fetchStack != nil && printStack != nil {
				printStack(fetchStack())
			}
		}
	}()
	hookContext.(*HookContextImpl3865747808).returnVals = []interface{}{arg0, arg1}
	if H8After != nil {
		H8After(hookContext, *arg0, *arg1)
	}
}

//go:linkname H8After testdata/golden/after-only.H8After
func H8After(hookContext HookContext, arg0 float32, arg1 error)
