// Copyright The OpenTelemetry Authors
// SPDX-License-Identifier: Apache-2.0

package main

import "io"

// Empty literal takes both fields.
func Bare() *io.LimitedReader {
	return &io.LimitedReader{N: 50, R: nil}
}

// Existing keys are kept and overridden in place.
func Configured(r io.Reader) *io.LimitedReader {
	return &io.LimitedReader{R: nil, N: 50}
}

type holder struct{ lr *io.LimitedReader }

// Literal nested inside another literal, with no name bound to it.
func Nested() *holder {
	return &holder{lr: &io.LimitedReader{N: 50, R: nil}}
}

// A different type from the same package is left alone.
func Other() *io.SectionReader {
	return &io.SectionReader{}
}

func main() {
	_ = Bare()
	_ = Configured(nil)
	_ = Nested()
	_ = Other()
}
